
func Main[in 0, out 0, local 2]
$t0 = 4
local[0] = $t0
$t1 = local[0]
$t0 = Add($t1 2)
local[1] = $t0
$t1 = local[1]
PrintIntS($t1)
ret

